#
# There is insufficient memory for the Java Runtime Environment to continue.
# Native memory allocation (malloc) failed to allocate 1690576 bytes. Error detail: Chunk::new
# Possible reasons:
#   The system is out of physical RAM or swap space
#   This process is running with CompressedOops enabled, and the Java Heap may be blocking the growth of the native heap
# Possible solutions:
#   Reduce memory load on the system
#   Increase physical memory or swap space
#   Check if swap backing store is full
#   Decrease Java heap size (-Xmx/-Xms)
#   Decrease number of Java threads
#   Decrease Java thread stack sizes (-Xss)
#   Set larger code cache with -XX:ReservedCodeCacheSize=
#   JVM is running with Unscaled Compressed Oops mode in which the Java heap is
#     placed in the first 4GB address space. The Java Heap base address is the
#     maximum limit for the native heap growth. Please use -XX:HeapBaseMinAddress
#     to set the Java Heap base and to place the Java Heap above 4GB virtual address.
# This output file may be truncated or incomplete.
#
#  Out of Memory Error (arena.cpp:168), pid=19704, tid=12996
#
# JRE version: OpenJDK Runtime Environment Temurin-21.0.10+7 (21.0.10+7) (build 21.0.10+7-LTS)
# Java VM: OpenJDK 64-Bit Server VM Temurin-21.0.10+7 (21.0.10+7-LTS, mixed mode, sharing, tiered, compressed oops, compressed class ptrs, parallel gc, windows-amd64)
# No core dump will be written. Minidumps are not enabled by default on client versions of Windows
#

---------------  S U M M A R Y ------------

Command Line: --add-modules=ALL-SYSTEM --add-opens=java.base/java.util=ALL-UNNAMED --add-opens=java.base/java.lang=ALL-UNNAMED --add-opens=java.base/sun.nio.fs=ALL-UNNAMED -Declipse.application=org.eclipse.jdt.ls.core.id1 -Dosgi.bundles.defaultStartLevel=4 -Declipse.product=org.eclipse.jdt.ls.core.product -Djava.import.generatesMetadataFilesAtProjectRoot=false -DDetectVMInstallationsJob.disabled=true -Dfile.encoding=utf8 -XX:+UseParallelGC -XX:GCTimeRatio=4 -XX:AdaptiveSizePolicyWeight=90 -Dsun.zip.disableMemoryMapping=true -Xmx2G -Xms100m -Xlog:disable -javaagent:c:\Users\manas\.antigravity-ide\extensions\redhat.java-1.54.0-win32-x64\lombok\lombok-1.18.39-4050.jar -XX:+HeapDumpOnOutOfMemoryError -XX:HeapDumpPath=c:\Users\manas\AppData\Roaming\Antigravity IDE\User\workspaceStorage\28a4d50da840864d7e190c19b7a414d2\redhat.java -Daether.dependencyCollector.impl=bf c:\Users\manas\.antigravity-ide\extensions\redhat.java-1.54.0-win32-x64\server\plugins\org.eclipse.equinox.launcher_1.7.100.v20251111-0406.jar -configuration c:\Users\manas\AppData\Roaming\Antigravity IDE\User\globalStorage\redhat.java\1.54.0\config_win -data c:\Users\manas\AppData\Roaming\Antigravity IDE\User\workspaceStorage\28a4d50da840864d7e190c19b7a414d2\redhat.java\jdt_ws --pipe=\\.\pipe\lsp-282e6def62ee991692f5986bd7ad69b2-sock

Host: AMD Ryzen 5 5600H with Radeon Graphics         , 12 cores, 15G,  Windows 11 , 64 bit Build 26100 (10.0.26100.8521)
Time: Mon Jun 22 11:44:26 2026 India Standard Time elapsed time: 8.105072 seconds (0d 0h 0m 8s)

---------------  T H R E A D  ---------------

Current thread (0x000001d05d2c8db0):  JavaThread "C2 CompilerThread0" daemon [_thread_in_native, id=12996, stack(0x0000008c30d00000,0x0000008c30e00000) (1024K)]


Current CompileTask:
C2:8105 4218   !   4       org.eclipse.osgi.internal.loader.classpath.ClasspathManager::findClassImpl (328 bytes)

Stack: [0x0000008c30d00000,0x0000008c30e00000]
Native frames: (J=compiled Java code, j=interpreted, Vv=VM code, C=native code)
V  [jvm.dll+0x6d7a39]
V  [jvm.dll+0x8b4b26]
V  [jvm.dll+0x8b70de]
V  [jvm.dll+0x8b77c3]
V  [jvm.dll+0x284346]
V  [jvm.dll+0xc66ed]
V  [jvm.dll+0xc6c31]
V  [jvm.dll+0x3bec01]
V  [jvm.dll+0x38b162]
V  [jvm.dll+0x38a5aa]
V  [jvm.dll+0x24c560]
V  [jvm.dll+0x24bb40]
V  [jvm.dll+0x1cb34e]
V  [jvm.dll+0x25b85d]
V  [jvm.dll+0x259dea]
V  [jvm.dll+0x3f857e]
V  [jvm.dll+0x85f59d]
V  [jvm.dll+0x6d626d]
C  [ucrtbase.dll+0x2cd30]
C  [KERNEL32.DLL+0x2e957]
C  [ntdll.dll+0x87c1c]


---------------  P R O C E S S  ---------------

Threads class SMR info:
_java_thread_list=0x000001d063d34a10, length=44, elements={
0x000001d0449db9c0, 0x000001d05d299150, 0x000001d05d29c440, 0x000001d05d29d9d0,
0x000001d05d29ef50, 0x000001d05d2a1910, 0x000001d05d2c6730, 0x000001d05d2c8db0,
0x000001d05d2ccac0, 0x000001d05d502800, 0x000001d05d602c60, 0x000001d062237bf0,
0x000001d05dcfd380, 0x000001d0621e7af0, 0x000001d062151fd0, 0x000001d062881630,
0x000001d0629f7990, 0x000001d062602aa0, 0x000001d062603150, 0x000001d0624d26b0,
0x000001d06243bc00, 0x000001d06243aee0, 0x000001d06243a850, 0x000001d06243b570,
0x000001d063db75f0, 0x000001d063dbb100, 0x000001d063db9030, 0x000001d063db96c0,
0x000001d063db8310, 0x000001d063dbaa70, 0x000001d063db7c80, 0x000001d063db9d50,
0x000001d063dba3e0, 0x000001d063dbb790, 0x000001d063dbbe20, 0x000001d063db89a0,
0x000001d063dbd860, 0x000001d063dbc4b0, 0x000001d063dbcb40, 0x000001d063dbd1d0,
0x000001d063dbdef0, 0x000001d063dbe580, 0x000001d063dbec10, 0x000001d064ba0050
}

Java Threads: ( => current thread )
  0x000001d0449db9c0 JavaThread "main"                              [_thread_blocked, id=18976, stack(0x0000008c30300000,0x0000008c30400000) (1024K)]
  0x000001d05d299150 JavaThread "Reference Handler"          daemon [_thread_blocked, id=20544, stack(0x0000008c30700000,0x0000008c30800000) (1024K)]
  0x000001d05d29c440 JavaThread "Finalizer"                  daemon [_thread_blocked, id=30572, stack(0x0000008c30800000,0x0000008c30900000) (1024K)]
  0x000001d05d29d9d0 JavaThread "Signal Dispatcher"          daemon [_thread_blocked, id=19812, stack(0x0000008c30900000,0x0000008c30a00000) (1024K)]
  0x000001d05d29ef50 JavaThread "Attach Listener"            daemon [_thread_blocked, id=37112, stack(0x0000008c30a00000,0x0000008c30b00000) (1024K)]
  0x000001d05d2a1910 JavaThread "Service Thread"             daemon [_thread_blocked, id=31148, stack(0x0000008c30b00000,0x0000008c30c00000) (1024K)]
  0x000001d05d2c6730 JavaThread "Monitor Deflation Thread"   daemon [_thread_blocked, id=34040, stack(0x0000008c30c00000,0x0000008c30d00000) (1024K)]
=>0x000001d05d2c8db0 JavaThread "C2 CompilerThread0"         daemon [_thread_in_native, id=12996, stack(0x0000008c30d00000,0x0000008c30e00000) (1024K)]
  0x000001d05d2ccac0 JavaThread "C1 CompilerThread0"         daemon [_thread_blocked, id=32024, stack(0x0000008c30e00000,0x0000008c30f00000) (1024K)]
  0x000001d05d502800 JavaThread "Common-Cleaner"             daemon [_thread_blocked, id=14412, stack(0x0000008c30f00000,0x0000008c31000000) (1024K)]
  0x000001d05d602c60 JavaThread "Notification Thread"        daemon [_thread_blocked, id=23252, stack(0x0000008c31100000,0x0000008c31200000) (1024K)]
  0x000001d062237bf0 JavaThread "Active Thread: Equinox Container: 36fdec32-92bf-473d-9d9c-602583d549c5"        [_thread_blocked, id=25596, stack(0x0000008c31900000,0x0000008c31a00000) (1024K)]
  0x000001d05dcfd380 JavaThread "Refresh Thread: Equinox Container: 36fdec32-92bf-473d-9d9c-602583d549c5" daemon [_thread_blocked, id=13504, stack(0x0000008c31b00000,0x0000008c31c00000) (1024K)]
  0x000001d0621e7af0 JavaThread "Framework Event Dispatcher: Equinox Container: 36fdec32-92bf-473d-9d9c-602583d549c5" daemon [_thread_blocked, id=36488, stack(0x0000008c31c00000,0x0000008c31d00000) (1024K)]
  0x000001d062151fd0 JavaThread "Start Level: Equinox Container: 36fdec32-92bf-473d-9d9c-602583d549c5" daemon [_thread_blocked, id=21728, stack(0x0000008c31d00000,0x0000008c31e00000) (1024K)]
  0x000001d062881630 JavaThread "Bundle File Closer"         daemon [_thread_blocked, id=10756, stack(0x0000008c32000000,0x0000008c32100000) (1024K)]
  0x000001d0629f7990 JavaThread "SCR Component Actor"        daemon [_thread_blocked, id=6552, stack(0x0000008c31000000,0x0000008c31100000) (1024K)]
  0x000001d062602aa0 JavaThread "C2 CompilerThread1"         daemon [_thread_in_native, id=30664, stack(0x0000008c31200000,0x0000008c31300000) (1024K)]
  0x000001d062603150 JavaThread "C2 CompilerThread2"         daemon [_thread_in_native, id=23488, stack(0x0000008c32100000,0x0000008c32200000) (1024K)]
  0x000001d0624d26b0 JavaThread "Worker-JM"                         [_thread_blocked, id=28712, stack(0x0000008c32200000,0x0000008c32300000) (1024K)]
  0x000001d06243bc00 JavaThread "Worker-0: Initialize After Load"        [_thread_blocked, id=25400, stack(0x0000008c32300000,0x0000008c32400000) (1024K)]
  0x000001d06243aee0 JavaThread "Worker-1: Loading available Gradle versions"        [_thread_in_Java, id=38736, stack(0x0000008c32400000,0x0000008c32500000) (1024K)]
  0x000001d06243a850 JavaThread "Java indexing"              daemon [_thread_blocked, id=32384, stack(0x0000008c32500000,0x0000008c32600000) (1024K)]
  0x000001d06243b570 JavaThread "JNA Cleaner"                daemon [_thread_blocked, id=28372, stack(0x0000008c32600000,0x0000008c32700000) (1024K)]
  0x000001d063db75f0 JavaThread "Worker-2: Repository registry initialization"        [_thread_blocked, id=23900, stack(0x0000008c32900000,0x0000008c32a00000) (1024K)]
  0x000001d063dbb100 JavaThread "Worker-3: Updating Maven Dependencies"        [_thread_in_native, id=3768, stack(0x0000008c32a00000,0x0000008c32b00000) (1024K)]
  0x000001d063db9030 JavaThread "Thread-1"                   daemon [_thread_in_native, id=32824, stack(0x0000008c32b00000,0x0000008c32c00000) (1024K)]
  0x000001d063db96c0 JavaThread "Thread-2"                   daemon [_thread_in_native, id=8400, stack(0x0000008c32c00000,0x0000008c32d00000) (1024K)]
  0x000001d063db8310 JavaThread "Thread-3"                   daemon [_thread_in_native, id=21108, stack(0x0000008c32d00000,0x0000008c32e00000) (1024K)]
  0x000001d063dbaa70 JavaThread "Thread-4"                   daemon [_thread_in_native, id=32148, stack(0x0000008c32e00000,0x0000008c32f00000) (1024K)]
  0x000001d063db7c80 JavaThread "Thread-5"                   daemon [_thread_in_native, id=36576, stack(0x0000008c32f00000,0x0000008c33000000) (1024K)]
  0x000001d063db9d50 JavaThread "Thread-6"                   daemon [_thread_in_native, id=20244, stack(0x0000008c33000000,0x0000008c33100000) (1024K)]
  0x000001d063dba3e0 JavaThread "Thread-7"                   daemon [_thread_in_native, id=24112, stack(0x0000008c33100000,0x0000008c33200000) (1024K)]
  0x000001d063dbb790 JavaThread "Thread-8"                   daemon [_thread_in_native, id=11504, stack(0x0000008c33200000,0x0000008c33300000) (1024K)]
  0x000001d063dbbe20 JavaThread "Thread-9"                   daemon [_thread_in_native, id=27220, stack(0x0000008c33300000,0x0000008c33400000) (1024K)]
  0x000001d063db89a0 JavaThread "Thread-10"                  daemon [_thread_in_native, id=10692, stack(0x0000008c33400000,0x0000008c33500000) (1024K)]
  0x000001d063dbd860 JavaThread "Thread-11"                  daemon [_thread_in_native, id=32060, stack(0x0000008c33500000,0x0000008c33600000) (1024K)]
  0x000001d063dbc4b0 JavaThread "Thread-12"                  daemon [_thread_in_native, id=33800, stack(0x0000008c33600000,0x0000008c33700000) (1024K)]
  0x000001d063dbcb40 JavaThread "Thread-13"                  daemon [_thread_in_native, id=25728, stack(0x0000008c33700000,0x0000008c33800000) (1024K)]
  0x000001d063dbd1d0 JavaThread "pool-2-thread-1"                   [_thread_blocked, id=27480, stack(0x0000008c33800000,0x0000008c33900000) (1024K)]
  0x000001d063dbdef0 JavaThread "Worker-4"                          [_thread_blocked, id=9372, stack(0x0000008c33900000,0x0000008c33a00000) (1024K)]
  0x000001d063dbe580 JavaThread "Worker-5"                          [_thread_blocked, id=22084, stack(0x0000008c33a00000,0x0000008c33b00000) (1024K)]
  0x000001d063dbec10 JavaThread "WorkspaceEventsHandler"            [_thread_blocked, id=18528, stack(0x0000008c33b00000,0x0000008c33c00000) (1024K)]
  0x000001d064ba0050 JavaThread "pool-1-thread-1"                   [_thread_in_native, id=34956, stack(0x0000008c33c00000,0x0000008c33d00000) (1024K)]
Total: 44

Other Threads:
  0x000001d044a9ebf0 VMThread "VM Thread"                           [id=31088, stack(0x0000008c30600000,0x0000008c30700000) (1024K)]
  0x000001d04486ca00 WatcherThread "VM Periodic Task Thread"        [id=34196, stack(0x0000008c30500000,0x0000008c30600000) (1024K)]
  0x000001d0449fb7b0 WorkerThread "GC Thread#0"                     [id=15020, stack(0x0000008c30400000,0x0000008c30500000) (1024K)]
  0x000001d05d5e85c0 WorkerThread "GC Thread#1"                     [id=34872, stack(0x0000008c31300000,0x0000008c31400000) (1024K)]
  0x000001d05d5e7700 WorkerThread "GC Thread#2"                     [id=30160, stack(0x0000008c31400000,0x0000008c31500000) (1024K)]
  0x000001d05d5e8970 WorkerThread "GC Thread#3"                     [id=27000, stack(0x0000008c31500000,0x0000008c31600000) (1024K)]
  0x000001d05d5e7e60 WorkerThread "GC Thread#4"                     [id=2428, stack(0x0000008c31600000,0x0000008c31700000) (1024K)]
  0x000001d05d5e7ab0 WorkerThread "GC Thread#5"                     [id=36684, stack(0x0000008c31700000,0x0000008c31800000) (1024K)]
  0x000001d05d5e8d20 WorkerThread "GC Thread#6"                     [id=23480, stack(0x0000008c31800000,0x0000008c31900000) (1024K)]
  0x000001d05dd5aff0 WorkerThread "GC Thread#7"                     [id=37464, stack(0x0000008c31a00000,0x0000008c31b00000) (1024K)]
  0x000001d05dd5c260 WorkerThread "GC Thread#8"                     [id=4192, stack(0x0000008c31e00000,0x0000008c31f00000) (1024K)]
  0x000001d05dd5a130 WorkerThread "GC Thread#9"                     [id=36288, stack(0x0000008c31f00000,0x0000008c32000000) (1024K)]
Total: 12

Threads with active compile tasks:
C2 CompilerThread0  8164 4218   !   4       org.eclipse.osgi.internal.loader.classpath.ClasspathManager::findClassImpl (328 bytes)
C2 CompilerThread1  8164 4241       4       java.lang.AbstractStringBuilder::append (60 bytes)
C2 CompilerThread2  8165 4266       4       org.eclipse.osgi.internal.loader.classpath.ClasspathEntry::findEntry (56 bytes)
Total: 3

VM state: not at safepoint (normal execution)

VM Mutex/Monitor currently owned by a thread: None

Heap address: 0x0000000080000000, size: 2048 MB, Compressed Oops mode: 32-bit

CDS archive(s) mapped at: [0x000001d000000000-0x000001d000ba0000-0x000001d000ba0000), size 12189696, SharedBaseAddress: 0x000001d000000000, ArchiveRelocationMode: 1.
Compressed class space mapped at: 0x000001d001000000-0x000001d041000000, reserved size: 1073741824
Narrow klass base: 0x000001d000000000, Narrow klass shift: 0, Narrow klass range: 0x100000000

GC Precious Log:
 CardTable entry size: 512
 CPUs: 12 total, 12 available
 Memory: 15713M
 Large Page Support: Disabled
 NUMA Support: Disabled
 Compressed Oops: Enabled (32-bit)
 Alignments: Space 512K, Generation 512K, Heap 2M
 Heap Min Capacity: 100M
 Heap Initial Capacity: 100M
 Heap Max Capacity: 2G
 Pre-touch: Disabled
 Parallel Workers: 10

Heap:
 PSYoungGen      total 23552K, used 4714K [0x00000000d5580000, 0x00000000d7180000, 0x0000000100000000)
  eden space 22016K, 16% used [0x00000000d5580000,0x00000000d5918008,0x00000000d6b00000)
  from space 1536K, 67% used [0x00000000d7000000,0x00000000d7102b48,0x00000000d7180000)
  to   space 1536K, 0% used [0x00000000d6b00000,0x00000000d6b00000,0x00000000d6c80000)
 ParOldGen       total 68608K, used 19318K [0x0000000080000000, 0x0000000084300000, 0x00000000d5580000)
  object space 68608K, 28% used [0x0000000080000000,0x00000000812dda20,0x0000000084300000)
 Metaspace       used 38430K, committed 39424K, reserved 1114112K
  class space    used 4096K, committed 4544K, reserved 1048576K

Card table byte_map: [0x000001d044380000,0x000001d044790000] _byte_map_base: 0x000001d043f80000

Marking Bits: (ParMarkBitMap*) 0x00007ffcca293450
 Begin Bits: [0x000001d056e90000, 0x000001d058e90000)
 End Bits:   [0x000001d058e90000, 0x000001d05ae90000)

Polling page: 0x000001d0427b0000

Metaspace:

Usage:
  Non-class:     33.53 MB used.
      Class:      4.00 MB used.
       Both:     37.53 MB used.

Virtual space:
  Non-class space:       64.00 MB reserved,      34.06 MB ( 53%) committed,  1 nodes.
      Class space:        1.00 GB reserved,       4.44 MB ( <1%) committed,  1 nodes.
             Both:        1.06 GB reserved,      38.50 MB (  4%) committed. 

Chunk freelists:
   Non-Class:  13.69 MB
       Class:  11.56 MB
        Both:  25.23 MB

MaxMetaspaceSize: unlimited
CompressedClassSpaceSize: 1.00 GB
Initial GC threshold: 21.00 MB
Current GC threshold: 58.38 MB
CDS: on
 - commit_granule_bytes: 65536.
 - commit_granule_words: 8192.
 - virtual_space_node_default_size: 8388608.
 - enlarge_chunks_in_place: 1.
 - use_allocation_guard: 0.


Internal statistics:

num_allocs_failed_limit: 8.
num_arena_births: 724.
num_arena_deaths: 14.
num_vsnodes_births: 2.
num_vsnodes_deaths: 0.
num_space_committed: 617.
num_space_uncommitted: 0.
num_chunks_returned_to_freelist: 22.
num_chunks_taken_from_freelist: 2204.
num_chunk_merges: 11.
num_chunk_splits: 1387.
num_chunks_enlarged: 828.
num_inconsistent_stats: 0.

CodeHeap 'non-profiled nmethods': size=120000Kb used=2016Kb max_used=2221Kb free=117983Kb
 bounds [0x000001d04f6b0000, 0x000001d04f920000, 0x000001d056be0000]
CodeHeap 'profiled nmethods': size=120000Kb used=7801Kb max_used=9113Kb free=112198Kb
 bounds [0x000001d047be0000, 0x000001d0484d0000, 0x000001d04f110000]
CodeHeap 'non-nmethods': size=5760Kb used=1377Kb max_used=1415Kb free=4382Kb
 bounds [0x000001d04f110000, 0x000001d04f380000, 0x000001d04f6b0000]
CodeCache: size=245760Kb, used=11194Kb, max_used=12749Kb, free=234563Kb
 total_blobs=4648, nmethods=3973, adapters=581, full_count=0
Compilation: enabled, stopped_count=0, restarted_count=0

Compilation events (20 events):
Event: 7.091 Thread 0x000001d062602aa0 nmethod 4274 0x000001d04f6f4b90 code [0x000001d04f6f4de0, 0x000001d04f6f5ab0]
Event: 7.092 Thread 0x000001d05d2ccac0 nmethod 4452 0x000001d047c37610 code [0x000001d047c377e0, 0x000001d047c37aa0]
Event: 7.092 Thread 0x000001d05d2ccac0 4451       2       java.lang.Class::getConstructor (31 bytes)
Event: 7.092 Thread 0x000001d062602aa0 4273   !   4       java.lang.String::<init> (880 bytes)
Event: 7.092 Thread 0x000001d05d2ccac0 nmethod 4451 0x000001d047e21110 code [0x000001d047e21300, 0x000001d047e215c8]
Event: 7.092 Thread 0x000001d05d2ccac0 4447       2       sun.util.calendar.CalendarDate::setMonth (20 bytes)
Event: 7.092 Thread 0x000001d05d2ccac0 nmethod 4447 0x000001d047ee2590 code [0x000001d047ee2720, 0x000001d047ee2840]
Event: 7.093 Thread 0x000001d05d2ccac0 4448       2       sun.util.calendar.CalendarDate::setDayOfMonth (20 bytes)
Event: 7.093 Thread 0x000001d05d2ccac0 nmethod 4448 0x000001d047f7a610 code [0x000001d047f7a7a0, 0x000001d047f7a8c0]
Event: 7.093 Thread 0x000001d05d2ccac0 4454       2       jdk.internal.loader.NativeLibraries$NativeLibraryImpl::find (9 bytes)
Event: 7.093 Thread 0x000001d05d2ccac0 nmethod 4454 0x000001d047f8d510 code [0x000001d047f8d6c0, 0x000001d047f8d7e8]
Event: 7.094 Thread 0x000001d05d2ccac0 4455       1       java.time.temporal.ValueRange::getMinimum (5 bytes)
Event: 7.094 Thread 0x000001d05d2ccac0 nmethod 4455 0x000001d04f7f0c90 code [0x000001d04f7f0e20, 0x000001d04f7f0ee8]
Event: 7.094 Thread 0x000001d05d2ccac0 4456       1       java.time.temporal.ValueRange::getMaximum (5 bytes)
Event: 7.095 Thread 0x000001d05d2ccac0 nmethod 4456 0x000001d04f7f1410 code [0x000001d04f7f15a0, 0x000001d04f7f1668]
Event: 7.095 Thread 0x000001d05d2ccac0 4458   !   2       org.eclipse.jdt.ls.core.internal.ConnectionStreamFactory$NamedPipeInputStream::read (128 bytes)
Event: 7.095 Thread 0x000001d05d2ccac0 nmethod 4458 0x000001d047e82890 code [0x000001d047e82ac0, 0x000001d047e82ee0]
Event: 8.100 Thread 0x000001d062603150 nmethod 4134 0x000001d04f8e7d10 code [0x000001d04f8e8380, 0x000001d04f8ecb78]
Event: 8.100 Thread 0x000001d05d2ccac0 4459   !   3       org.eclipse.jdt.ls.core.internal.ConnectionStreamFactory$NamedPipeInputStream::read (128 bytes)
Event: 8.100 Thread 0x000001d05d2ccac0 nmethod 4459 0x000001d047bfb890 code [0x000001d047bfbb00, 0x000001d047bfc4d0]

GC Heap History (20 events):
Event: 4.603 GC heap before
{Heap before GC invocations=6 (full 0):
 PSYoungGen      total 29184K, used 29179K [0x00000000d5580000, 0x00000000d7900000, 0x0000000100000000)
  eden space 25088K, 100% used [0x00000000d5580000,0x00000000d6e00000,0x00000000d6e00000)
  from space 4096K, 99% used [0x00000000d6e80000,0x00000000d727ed08,0x00000000d7280000)
  to   space 5632K, 0% used [0x00000000d7380000,0x00000000d7380000,0x00000000d7900000)
 ParOldGen       total 68608K, used 7711K [0x0000000080000000, 0x0000000084300000, 0x00000000d5580000)
  object space 68608K, 11% used [0x0000000080000000,0x0000000080787e48,0x0000000084300000)
 Metaspace       used 17925K, committed 18688K, reserved 1114112K
  class space    used 1894K, committed 2176K, reserved 1048576K
}
Event: 4.606 GC heap after
{Heap after GC invocations=6 (full 0):
 PSYoungGen      total 29696K, used 4787K [0x00000000d5580000, 0x00000000d7880000, 0x0000000100000000)
  eden space 24576K, 0% used [0x00000000d5580000,0x00000000d5580000,0x00000000d6d80000)
  from space 5120K, 93% used [0x00000000d7380000,0x00000000d782cc10,0x00000000d7880000)
  to   space 5120K, 0% used [0x00000000d6e80000,0x00000000d6e80000,0x00000000d7380000)
 ParOldGen       total 68608K, used 7719K [0x0000000080000000, 0x0000000084300000, 0x00000000d5580000)
  object space 68608K, 11% used [0x0000000080000000,0x0000000080789e48,0x0000000084300000)
 Metaspace       used 17925K, committed 18688K, reserved 1114112K
  class space    used 1894K, committed 2176K, reserved 1048576K
}
Event: 4.816 GC heap before
{Heap before GC invocations=7 (full 0):
 PSYoungGen      total 29696K, used 29363K [0x00000000d5580000, 0x00000000d7880000, 0x0000000100000000)
  eden space 24576K, 100% used [0x00000000d5580000,0x00000000d6d80000,0x00000000d6d80000)
  from space 5120K, 93% used [0x00000000d7380000,0x00000000d782cc10,0x00000000d7880000)
  to   space 5120K, 0% used [0x00000000d6e80000,0x00000000d6e80000,0x00000000d7380000)
 ParOldGen       total 68608K, used 7719K [0x0000000080000000, 0x0000000084300000, 0x00000000d5580000)
  object space 68608K, 11% used [0x0000000080000000,0x0000000080789e48,0x0000000084300000)
 Metaspace       used 20362K, committed 21120K, reserved 1114112K
  class space    used 2127K, committed 2432K, reserved 1048576K
}
Event: 4.832 GC heap after
{Heap after GC invocations=7 (full 0):
 PSYoungGen      total 29184K, used 5111K [0x00000000d5580000, 0x00000000d7c00000, 0x0000000100000000)
  eden space 24064K, 0% used [0x00000000d5580000,0x00000000d5580000,0x00000000d6d00000)
  from space 5120K, 99% used [0x00000000d6e80000,0x00000000d737dc48,0x00000000d7380000)
  to   space 7680K, 0% used [0x00000000d7480000,0x00000000d7480000,0x00000000d7c00000)
 ParOldGen       total 68608K, used 9695K [0x0000000080000000, 0x0000000084300000, 0x00000000d5580000)
  object space 68608K, 14% used [0x0000000080000000,0x0000000080977e00,0x0000000084300000)
 Metaspace       used 20362K, committed 21120K, reserved 1114112K
  class space    used 2127K, committed 2432K, reserved 1048576K
}
Event: 4.864 GC heap before
{Heap before GC invocations=8 (full 0):
 PSYoungGen      total 29184K, used 11402K [0x00000000d5580000, 0x00000000d7c00000, 0x0000000100000000)
  eden space 24064K, 26% used [0x00000000d5580000,0x00000000d5ba4db8,0x00000000d6d00000)
  from space 5120K, 99% used [0x00000000d6e80000,0x00000000d737dc48,0x00000000d7380000)
  to   space 7680K, 0% used [0x00000000d7480000,0x00000000d7480000,0x00000000d7c00000)
 ParOldGen       total 68608K, used 9695K [0x0000000080000000, 0x0000000084300000, 0x00000000d5580000)
  object space 68608K, 14% used [0x0000000080000000,0x0000000080977e00,0x0000000084300000)
 Metaspace       used 20813K, committed 21504K, reserved 1114112K
  class space    used 2159K, committed 2432K, reserved 1048576K
}
Event: 4.866 GC heap after
{Heap after GC invocations=8 (full 0):
 PSYoungGen      total 28160K, used 3954K [0x00000000d5580000, 0x00000000d7880000, 0x0000000100000000)
  eden space 24064K, 0% used [0x00000000d5580000,0x00000000d5580000,0x00000000d6d00000)
  from space 4096K, 96% used [0x00000000d7480000,0x00000000d785ca48,0x00000000d7880000)
  to   space 5120K, 0% used [0x00000000d6e80000,0x00000000d6e80000,0x00000000d7380000)
 ParOldGen       total 68608K, used 10685K [0x0000000080000000, 0x0000000084300000, 0x00000000d5580000)
  object space 68608K, 15% used [0x0000000080000000,0x0000000080a6f428,0x0000000084300000)
 Metaspace       used 20813K, committed 21504K, reserved 1114112K
  class space    used 2159K, committed 2432K, reserved 1048576K
}
Event: 4.866 GC heap before
{Heap before GC invocations=9 (full 1):
 PSYoungGen      total 28160K, used 3954K [0x00000000d5580000, 0x00000000d7880000, 0x0000000100000000)
  eden space 24064K, 0% used [0x00000000d5580000,0x00000000d5580000,0x00000000d6d00000)
  from space 4096K, 96% used [0x00000000d7480000,0x00000000d785ca48,0x00000000d7880000)
  to   space 5120K, 0% used [0x00000000d6e80000,0x00000000d6e80000,0x00000000d7380000)
 ParOldGen       total 68608K, used 10685K [0x0000000080000000, 0x0000000084300000, 0x00000000d5580000)
  object space 68608K, 15% used [0x0000000080000000,0x0000000080a6f428,0x0000000084300000)
 Metaspace       used 20813K, committed 21504K, reserved 1114112K
  class space    used 2159K, committed 2432K, reserved 1048576K
}
Event: 4.886 GC heap after
{Heap after GC invocations=9 (full 1):
 PSYoungGen      total 28160K, used 0K [0x00000000d5580000, 0x00000000d7880000, 0x0000000100000000)
  eden space 24064K, 0% used [0x00000000d5580000,0x00000000d5580000,0x00000000d6d00000)
  from space 4096K, 0% used [0x00000000d7480000,0x00000000d7480000,0x00000000d7880000)
  to   space 5120K, 0% used [0x00000000d6e80000,0x00000000d6e80000,0x00000000d7380000)
 ParOldGen       total 68608K, used 13212K [0x0000000080000000, 0x0000000084300000, 0x00000000d5580000)
  object space 68608K, 19% used [0x0000000080000000,0x0000000080ce73b8,0x0000000084300000)
 Metaspace       used 20800K, committed 21504K, reserved 1114112K
  class space    used 2155K, committed 2432K, reserved 1048576K
}
Event: 5.019 GC heap before
{Heap before GC invocations=10 (full 1):
 PSYoungGen      total 28160K, used 24054K [0x00000000d5580000, 0x00000000d7880000, 0x0000000100000000)
  eden space 24064K, 99% used [0x00000000d5580000,0x00000000d6cfd970,0x00000000d6d00000)
  from space 4096K, 0% used [0x00000000d7480000,0x00000000d7480000,0x00000000d7880000)
  to   space 5120K, 0% used [0x00000000d6e80000,0x00000000d6e80000,0x00000000d7380000)
 ParOldGen       total 68608K, used 13212K [0x0000000080000000, 0x0000000084300000, 0x00000000d5580000)
  object space 68608K, 19% used [0x0000000080000000,0x0000000080ce73b8,0x0000000084300000)
 Metaspace       used 24448K, committed 25216K, reserved 1114112K
  class space    used 2426K, committed 2752K, reserved 1048576K
}
Event: 5.020 GC heap after
{Heap after GC invocations=10 (full 1):
 PSYoungGen      total 24064K, used 404K [0x00000000d5580000, 0x00000000d7500000, 0x0000000100000000)
  eden space 23552K, 0% used [0x00000000d5580000,0x00000000d5580000,0x00000000d6c80000)
  from space 512K, 78% used [0x00000000d6e80000,0x00000000d6ee5068,0x00000000d6f00000)
  to   space 2048K, 0% used [0x00000000d7300000,0x00000000d7300000,0x00000000d7500000)
 ParOldGen       total 68608K, used 13212K [0x0000000080000000, 0x0000000084300000, 0x00000000d5580000)
  object space 68608K, 19% used [0x0000000080000000,0x0000000080ce73b8,0x0000000084300000)
 Metaspace       used 24448K, committed 25216K, reserved 1114112K
  class space    used 2426K, committed 2752K, reserved 1048576K
}
Event: 5.199 GC heap before
{Heap before GC invocations=11 (full 1):
 PSYoungGen      total 24064K, used 23956K [0x00000000d5580000, 0x00000000d7500000, 0x0000000100000000)
  eden space 23552K, 100% used [0x00000000d5580000,0x00000000d6c80000,0x00000000d6c80000)
  from space 512K, 78% used [0x00000000d6e80000,0x00000000d6ee5068,0x00000000d6f00000)
  to   space 2048K, 0% used [0x00000000d7300000,0x00000000d7300000,0x00000000d7500000)
 ParOldGen       total 68608K, used 13212K [0x0000000080000000, 0x0000000084300000, 0x00000000d5580000)
  object space 68608K, 19% used [0x0000000080000000,0x0000000080ce73b8,0x0000000084300000)
 Metaspace       used 25749K, committed 26624K, reserved 1114112K
  class space    used 2522K, committed 2880K, reserved 1048576K
}
Event: 5.200 GC heap after
{Heap after GC invocations=11 (full 1):
 PSYoungGen      total 25088K, used 1981K [0x00000000d5580000, 0x00000000d7500000, 0x0000000100000000)
  eden space 23040K, 0% used [0x00000000d5580000,0x00000000d5580000,0x00000000d6c00000)
  from space 2048K, 96% used [0x00000000d7300000,0x00000000d74ef538,0x00000000d7500000)
  to   space 2560K, 0% used [0x00000000d7000000,0x00000000d7000000,0x00000000d7280000)
 ParOldGen       total 68608K, used 14002K [0x0000000080000000, 0x0000000084300000, 0x00000000d5580000)
  object space 68608K, 20% used [0x0000000080000000,0x0000000080dac8c8,0x0000000084300000)
 Metaspace       used 25749K, committed 26624K, reserved 1114112K
  class space    used 2522K, committed 2880K, reserved 1048576K
}
Event: 5.497 GC heap before
{Heap before GC invocations=12 (full 1):
 PSYoungGen      total 25088K, used 25021K [0x00000000d5580000, 0x00000000d7500000, 0x0000000100000000)
  eden space 23040K, 100% used [0x00000000d5580000,0x00000000d6c00000,0x00000000d6c00000)
  from space 2048K, 96% used [0x00000000d7300000,0x00000000d74ef538,0x00000000d7500000)
  to   space 2560K, 0% used [0x00000000d7000000,0x00000000d7000000,0x00000000d7280000)
 ParOldGen       total 68608K, used 14002K [0x0000000080000000, 0x0000000084300000, 0x00000000d5580000)
  object space 68608K, 20% used [0x0000000080000000,0x0000000080dac8c8,0x0000000084300000)
 Metaspace       used 29618K, committed 30464K, reserved 1114112K
  class space    used 2926K, committed 3264K, reserved 1048576K
}
Event: 5.499 GC heap after
{Heap after GC invocations=12 (full 1):
 PSYoungGen      total 25088K, used 2169K [0x00000000d5580000, 0x00000000d7380000, 0x0000000100000000)
  eden space 22528K, 0% used [0x00000000d5580000,0x00000000d5580000,0x00000000d6b80000)
  from space 2560K, 84% used [0x00000000d7000000,0x00000000d721e548,0x00000000d7280000)
  to   space 1024K, 0% used [0x00000000d7280000,0x00000000d7280000,0x00000000d7380000)
 ParOldGen       total 68608K, used 15787K [0x0000000080000000, 0x0000000084300000, 0x00000000d5580000)
  object space 68608K, 23% used [0x0000000080000000,0x0000000080f6ae78,0x0000000084300000)
 Metaspace       used 29618K, committed 30464K, reserved 1114112K
  class space    used 2926K, committed 3264K, reserved 1048576K
}
Event: 5.711 GC heap before
{Heap before GC invocations=13 (full 1):
 PSYoungGen      total 25088K, used 24697K [0x00000000d5580000, 0x00000000d7380000, 0x0000000100000000)
  eden space 22528K, 100% used [0x00000000d5580000,0x00000000d6b80000,0x00000000d6b80000)
  from space 2560K, 84% used [0x00000000d7000000,0x00000000d721e548,0x00000000d7280000)
  to   space 1024K, 0% used [0x00000000d7280000,0x00000000d7280000,0x00000000d7380000)
 ParOldGen       total 68608K, used 15787K [0x0000000080000000, 0x0000000084300000, 0x00000000d5580000)
  object space 68608K, 23% used [0x0000000080000000,0x0000000080f6ae78,0x0000000084300000)
 Metaspace       used 32699K, committed 33664K, reserved 1114112K
  class space    used 3308K, committed 3712K, reserved 1048576K
}
Event: 5.714 GC heap after
{Heap after GC invocations=13 (full 1):
 PSYoungGen      total 23040K, used 1024K [0x00000000d5580000, 0x00000000d7900000, 0x0000000100000000)
  eden space 22016K, 0% used [0x00000000d5580000,0x00000000d5580000,0x00000000d6b00000)
  from space 1024K, 100% used [0x00000000d7280000,0x00000000d7380000,0x00000000d7380000)
  to   space 7168K, 0% used [0x00000000d6b00000,0x00000000d6b00000,0x00000000d7200000)
 ParOldGen       total 68608K, used 20816K [0x0000000080000000, 0x0000000084300000, 0x00000000d5580000)
  object space 68608K, 30% used [0x0000000080000000,0x00000000814543f0,0x0000000084300000)
 Metaspace       used 32699K, committed 33664K, reserved 1114112K
  class space    used 3308K, committed 3712K, reserved 1048576K
}
Event: 5.852 GC heap before
{Heap before GC invocations=14 (full 1):
 PSYoungGen      total 23040K, used 17445K [0x00000000d5580000, 0x00000000d7900000, 0x0000000100000000)
  eden space 22016K, 74% used [0x00000000d5580000,0x00000000d6589548,0x00000000d6b00000)
  from space 1024K, 100% used [0x00000000d7280000,0x00000000d7380000,0x00000000d7380000)
  to   space 7168K, 0% used [0x00000000d6b00000,0x00000000d6b00000,0x00000000d7200000)
 ParOldGen       total 68608K, used 20816K [0x0000000080000000, 0x0000000084300000, 0x00000000d5580000)
  object space 68608K, 30% used [0x0000000080000000,0x00000000814543f0,0x0000000084300000)
 Metaspace       used 34897K, committed 35840K, reserved 1114112K
  class space    used 3591K, committed 4032K, reserved 1048576K
}
Event: 5.854 GC heap after
{Heap after GC invocations=14 (full 1):
 PSYoungGen      total 23552K, used 1344K [0x00000000d5580000, 0x00000000d7300000, 0x0000000100000000)
  eden space 22016K, 0% used [0x00000000d5580000,0x00000000d5580000,0x00000000d6b00000)
  from space 1536K, 87% used [0x00000000d6b00000,0x00000000d6c50000,0x00000000d6c80000)
  to   space 3072K, 0% used [0x00000000d7000000,0x00000000d7000000,0x00000000d7300000)
 ParOldGen       total 68608K, used 21783K [0x0000000080000000, 0x0000000084300000, 0x00000000d5580000)
  object space 68608K, 31% used [0x0000000080000000,0x0000000081545d10,0x0000000084300000)
 Metaspace       used 34897K, committed 35840K, reserved 1114112K
  class space    used 3591K, committed 4032K, reserved 1048576K
}
Event: 5.854 GC heap before
{Heap before GC invocations=15 (full 2):
 PSYoungGen      total 23552K, used 1344K [0x00000000d5580000, 0x00000000d7300000, 0x0000000100000000)
  eden space 22016K, 0% used [0x00000000d5580000,0x00000000d5580000,0x00000000d6b00000)
  from space 1536K, 87% used [0x00000000d6b00000,0x00000000d6c50000,0x00000000d6c80000)
  to   space 3072K, 0% used [0x00000000d7000000,0x00000000d7000000,0x00000000d7300000)
 ParOldGen       total 68608K, used 21783K [0x0000000080000000, 0x0000000084300000, 0x00000000d5580000)
  object space 68608K, 31% used [0x0000000080000000,0x0000000081545d10,0x0000000084300000)
 Metaspace       used 34897K, committed 35840K, reserved 1114112K
  class space    used 3591K, committed 4032K, reserved 1048576K
}
Event: 5.874 GC heap after
{Heap after GC invocations=15 (full 2):
 PSYoungGen      total 23552K, used 0K [0x00000000d5580000, 0x00000000d7300000, 0x0000000100000000)
  eden space 22016K, 0% used [0x00000000d5580000,0x00000000d5580000,0x00000000d6b00000)
  from space 1536K, 0% used [0x00000000d6b00000,0x00000000d6b00000,0x00000000d6c80000)
  to   space 3072K, 0% used [0x00000000d7000000,0x00000000d7000000,0x00000000d7300000)
 ParOldGen       total 68608K, used 19310K [0x0000000080000000, 0x0000000084300000, 0x00000000d5580000)
  object space 68608K, 28% used [0x0000000080000000,0x00000000812dba20,0x0000000084300000)
 Metaspace       used 34897K, committed 35840K, reserved 1114112K
  class space    used 3591K, committed 4032K, reserved 1048576K
}

Dll operation events (14 events):
Event: 0.015 Loaded shared library c:\Users\manas\.antigravity-ide\extensions\redhat.java-1.54.0-win32-x64\jre\21.0.10-win32-x86_64\bin\java.dll
Event: 0.090 Loaded shared library c:\Users\manas\.antigravity-ide\extensions\redhat.java-1.54.0-win32-x64\jre\21.0.10-win32-x86_64\bin\zip.dll
Event: 0.115 Loaded shared library C:\Users\manas\.antigravity-ide\extensions\redhat.java-1.54.0-win32-x64\jre\21.0.10-win32-x86_64\bin\instrument.dll
Event: 0.123 Loaded shared library C:\Users\manas\.antigravity-ide\extensions\redhat.java-1.54.0-win32-x64\jre\21.0.10-win32-x86_64\bin\net.dll
Event: 0.126 Loaded shared library C:\Users\manas\.antigravity-ide\extensions\redhat.java-1.54.0-win32-x64\jre\21.0.10-win32-x86_64\bin\nio.dll
Event: 0.133 Loaded shared library C:\Users\manas\.antigravity-ide\extensions\redhat.java-1.54.0-win32-x64\jre\21.0.10-win32-x86_64\bin\zip.dll
Event: 0.155 Loaded shared library C:\Users\manas\.antigravity-ide\extensions\redhat.java-1.54.0-win32-x64\jre\21.0.10-win32-x86_64\bin\jimage.dll
Event: 0.244 Loaded shared library c:\Users\manas\.antigravity-ide\extensions\redhat.java-1.54.0-win32-x64\jre\21.0.10-win32-x86_64\bin\verify.dll
Event: 1.491 Loaded shared library C:\Users\manas\AppData\Roaming\Antigravity IDE\User\globalStorage\redhat.java\1.54.0\config_win\org.eclipse.equinox.launcher\org.eclipse.equinox.launcher.win32.win32.x86_64_1.3.0.v20260203-2149\eclipse_11919.dll
Event: 4.299 Loaded shared library C:\Users\manas\.antigravity-ide\extensions\redhat.java-1.54.0-win32-x64\jre\21.0.10-win32-x86_64\bin\management.dll
Event: 4.302 Loaded shared library C:\Users\manas\.antigravity-ide\extensions\redhat.java-1.54.0-win32-x64\jre\21.0.10-win32-x86_64\bin\management_ext.dll
Event: 5.376 Loaded shared library C:\Users\manas\AppData\Local\Temp\jna-103662348\jna5042529156915076001.dll
Event: 5.599 Loaded shared library C:\Users\manas\.antigravity-ide\extensions\redhat.java-1.54.0-win32-x64\jre\21.0.10-win32-x86_64\bin\sunmscapi.dll
Event: 7.076 Loaded shared library C:\Users\manas\.antigravity-ide\extensions\redhat.java-1.54.0-win32-x64\jre\21.0.10-win32-x86_64\bin\extnet.dll

Deoptimization events (20 events):
Event: 5.720 Thread 0x000001d063db75f0 Uncommon trap: trap_request=0xffffff45 fr.pc=0x000001d04f7140a8 relative=0x0000000000000108
Event: 5.720 Thread 0x000001d063db75f0 Uncommon trap: reason=unstable_if action=reinterpret pc=0x000001d04f7140a8 method=jdk.internal.org.objectweb.asm.ByteVector.putShort(I)Ljdk/internal/org/objectweb/asm/ByteVector; @ 13 c2
Event: 5.720 Thread 0x000001d063db75f0 DEOPT PACKING pc=0x000001d04f7140a8 sp=0x0000008c329fd2d0
Event: 5.720 Thread 0x000001d063db75f0 DEOPT UNPACKING pc=0x000001d04f163aa2 sp=0x0000008c329fd268 mode 2
Event: 5.822 Thread 0x000001d06243aee0 Uncommon trap: trap_request=0xffffff45 fr.pc=0x000001d04f8b9c70 relative=0x0000000000000230
Event: 5.822 Thread 0x000001d06243aee0 Uncommon trap: reason=unstable_if action=reinterpret pc=0x000001d04f8b9c70 method=java.util.HashMap.putVal(ILjava/lang/Object;Ljava/lang/Object;ZZ)Ljava/lang/Object; @ 162 c2
Event: 5.822 Thread 0x000001d06243aee0 DEOPT PACKING pc=0x000001d04f8b9c70 sp=0x0000008c324fc770
Event: 5.822 Thread 0x000001d06243aee0 DEOPT UNPACKING pc=0x000001d04f163aa2 sp=0x0000008c324fc678 mode 2
Event: 5.848 Thread 0x000001d06243aee0 Uncommon trap: trap_request=0xffffff3d fr.pc=0x000001d04f778708 relative=0x00000000000001e8
Event: 5.849 Thread 0x000001d06243aee0 Uncommon trap: reason=unstable_fused_if action=reinterpret pc=0x000001d04f778708 method=java.lang.CharacterDataLatin1.equalsIgnoreCase(BB)Z @ 16 c2
Event: 5.849 Thread 0x000001d06243aee0 DEOPT PACKING pc=0x000001d04f778708 sp=0x0000008c324fd2e0
Event: 5.849 Thread 0x000001d06243aee0 DEOPT UNPACKING pc=0x000001d04f163aa2 sp=0x0000008c324fd1e8 mode 2
Event: 6.011 Thread 0x000001d0449db9c0 Uncommon trap: trap_request=0xffffff45 fr.pc=0x000001d04f761ccc relative=0x000000000000088c
Event: 6.011 Thread 0x000001d0449db9c0 Uncommon trap: reason=unstable_if action=reinterpret pc=0x000001d04f761ccc method=jdk.internal.org.objectweb.asm.SymbolTable.put(Ljdk/internal/org/objectweb/asm/SymbolTable$Entry;)Ljdk/internal/org/objectweb/asm/SymbolTable$Entry; @ 13 c2
Event: 6.012 Thread 0x000001d0449db9c0 DEOPT PACKING pc=0x000001d04f761ccc sp=0x0000008c303fe5c0
Event: 6.012 Thread 0x000001d0449db9c0 DEOPT UNPACKING pc=0x000001d04f163aa2 sp=0x0000008c303fe4d8 mode 2
Event: 6.040 Thread 0x000001d0449db9c0 Uncommon trap: trap_request=0xffffff45 fr.pc=0x000001d04f6ecb48 relative=0x00000000000000a8
Event: 6.040 Thread 0x000001d0449db9c0 Uncommon trap: reason=unstable_if action=reinterpret pc=0x000001d04f6ecb48 method=java.lang.CharacterDataLatin1.digit(II)I @ 7 c2
Event: 6.040 Thread 0x000001d0449db9c0 DEOPT PACKING pc=0x000001d04f6ecb48 sp=0x0000008c303fe7e0
Event: 6.040 Thread 0x000001d0449db9c0 DEOPT UNPACKING pc=0x000001d04f163aa2 sp=0x0000008c303fe760 mode 2

Classes loaded (20 events):
Event: 7.092 Loading class java/net/StandardProtocolFamily
Event: 7.092 Loading class sun/nio/ch/Iocp$ResultHandler
Event: 7.092 Loading class sun/nio/ch/Iocp$ResultHandler done
Event: 7.092 Loading class sun/nio/ch/WindowsAsynchronousFileChannelImpl$ReadTask done
Event: 7.092 Loading class java/net/StandardProtocolFamily done
Event: 7.093 Loading class java/net/SocksSocketImpl$3
Event: 7.093 Loading class java/time/format/DateTimeParseContext
Event: 7.093 Loading class java/time/format/DateTimeParseContext done
Event: 7.093 Loading class java/net/SocksSocketImpl$3 done
Event: 7.093 Loading class java/time/format/Parsed
Event: 7.093 Loading class sun/net/NetHooks
Event: 7.093 Loading class sun/net/NetHooks done
Event: 7.093 Loading class java/time/format/Parsed done
Event: 7.344 Loading class javax/net/ssl/SNIHostName
Event: 8.100 Loading class javax/net/ssl/SNIServerName
Event: 8.100 Loading class javax/net/ssl/SNIServerName done
Event: 8.100 Loading class javax/net/ssl/SNIHostName done
Event: 8.100 Loading class java/net/IDN
Event: 8.100 Loading class java/net/IDN done
Event: 8.100 Loading class jdk/internal/icu/text/StringPrep

Classes unloaded (7 events):
Event: 4.869 Thread 0x000001d044a9ebf0 Unloading class 0x000001d0011a9400 'java/lang/invoke/LambdaForm$MH+0x000001d0011a9400'
Event: 4.869 Thread 0x000001d044a9ebf0 Unloading class 0x000001d0011a9000 'java/lang/invoke/LambdaForm$MH+0x000001d0011a9000'
Event: 4.869 Thread 0x000001d044a9ebf0 Unloading class 0x000001d0011a8c00 'java/lang/invoke/LambdaForm$MH+0x000001d0011a8c00'
Event: 4.869 Thread 0x000001d044a9ebf0 Unloading class 0x000001d0011a8800 'java/lang/invoke/LambdaForm$MH+0x000001d0011a8800'
Event: 4.869 Thread 0x000001d044a9ebf0 Unloading class 0x000001d0011a8400 'java/lang/invoke/LambdaForm$BMH+0x000001d0011a8400'
Event: 4.869 Thread 0x000001d044a9ebf0 Unloading class 0x000001d0011a8000 'java/lang/invoke/LambdaForm$DMH+0x000001d0011a8000'
Event: 4.869 Thread 0x000001d044a9ebf0 Unloading class 0x000001d0011a6c00 'java/lang/invoke/LambdaForm$DMH+0x000001d0011a6c00'

Classes redefined (0 events):
No events

Internal exceptions (20 events):
Event: 5.533 Thread 0x000001d0449db9c0 Exception <a 'java/lang/NoSuchMethodError'{0x00000000d598aa88}: 'java.lang.Object java.lang.invoke.DirectMethodHandle$Holder.newInvokeSpecial(java.lang.Object, long)'> (0x00000000d598aa88) 
thrown [s\src\hotspot\share\interpreter\linkResolver.cpp, line 773]
Event: 5.564 Thread 0x000001d063dbb100 Exception <a 'java/lang/NoSuchMethodError'{0x00000000d5b53080}: 'java.lang.Object java.lang.invoke.DirectMethodHandle$Holder.invokeStaticInit(java.lang.Object, java.lang.Object, java.lang.Object, java.lang.Object, java.lang.Object, java.lang.Object, java.lang.Object)'> (0x00000000d5b53080) 
thrown [s\src\hotspot\share\interpreter\linkResolver.cpp, line 773]
Event: 5.565 Thread 0x000001d063dbb100 Exception <a 'java/lang/NoSuchMethodError'{0x00000000d5b57858}: 'java.lang.Object java.lang.invoke.Invokers$Holder.invoke_MT(java.lang.Object, java.lang.Object, java.lang.Object, java.lang.Object, java.lang.Object, java.lang.Object, java.lang.Object, java.lang.Object, java.lang.Object)'> (0x00000000d5b57858) 
thrown [s\src\hotspot\share\interpreter\linkResolver.cpp, line 773]
Event: 5.572 Thread 0x000001d063dbb100 Exception <a 'java/lang/NoSuchMethodError'{0x00000000d5b9dba8}: 'int java.lang.invoke.DirectMethodHandle$Holder.invokeVirtual(java.lang.Object, java.lang.Object, java.lang.Object)'> (0x00000000d5b9dba8) 
thrown [s\src\hotspot\share\interpreter\linkResolver.cpp, line 773]
Event: 5.572 Thread 0x000001d063dbb100 Exception <a 'java/lang/NoSuchMethodError'{0x00000000d5ba1b50}: 'int java.lang.invoke.DirectMethodHandle$Holder.invokeStaticInit(java.lang.Object, int, int)'> (0x00000000d5ba1b50) 
thrown [s\src\hotspot\share\interpreter\linkResolver.cpp, line 773]
Event: 5.573 Thread 0x000001d063dbb100 Exception <a 'java/lang/NoSuchMethodError'{0x00000000d5ba8eb8}: 'int java.lang.invoke.DirectMethodHandle$Holder.invokeStaticInit(java.lang.Object, long, long)'> (0x00000000d5ba8eb8) 
thrown [s\src\hotspot\share\interpreter\linkResolver.cpp, line 773]
Event: 5.574 Thread 0x000001d063dbb100 Exception <a 'java/lang/NoSuchMethodError'{0x00000000d5bafc68}: 'int java.lang.invoke.DirectMethodHandle$Holder.invokeStaticInit(java.lang.Object, float, float)'> (0x00000000d5bafc68) 
thrown [s\src\hotspot\share\interpreter\linkResolver.cpp, line 773]
Event: 5.575 Thread 0x000001d063dbb100 Exception <a 'java/lang/NoSuchMethodError'{0x00000000d5bb65f8}: 'int java.lang.invoke.DirectMethodHandle$Holder.invokeStaticInit(java.lang.Object, double, double)'> (0x00000000d5bb65f8) 
thrown [s\src\hotspot\share\interpreter\linkResolver.cpp, line 773]
Event: 5.575 Thread 0x000001d063dbb100 Exception <a 'java/lang/NoSuchMethodError'{0x00000000d5bbac50}: 'int java.lang.invoke.DirectMethodHandle$Holder.invokeStatic(java.lang.Object, long)'> (0x00000000d5bbac50) 
thrown [s\src\hotspot\share\interpreter\linkResolver.cpp, line 773]
Event: 5.578 Thread 0x000001d063dbb100 Exception <a 'java/lang/NoSuchMethodError'{0x00000000d5bd8b90}: 'int java.lang.invoke.Invokers$Holder.linkToTargetMethod(java.lang.Object, java.lang.Object)'> (0x00000000d5bd8b90) 
thrown [s\src\hotspot\share\interpreter\linkResolver.cpp, line 773]
Event: 5.622 Thread 0x000001d06243aee0 Exception <a 'sun/nio/fs/WindowsException'{0x00000000d61040d0}> (0x00000000d61040d0) 
thrown [s\src\hotspot\share\prims\jni.cpp, line 520]
Event: 5.648 Thread 0x000001d063dbb100 Exception <a 'java/lang/NoSuchMethodError'{0x00000000d62d7c50}: 'java.lang.Object java.lang.invoke.DirectMethodHandle$Holder.invokeSpecialIFC(java.lang.Object, java.lang.Object, java.lang.Object, java.lang.Object)'> (0x00000000d62d7c50) 
thrown [s\src\hotspot\share\interpreter\linkResolver.cpp, line 773]
Event: 5.715 Thread 0x000001d063db75f0 Exception <a 'java/lang/NoSuchMethodError'{0x00000000d55a88c0}: 'int java.lang.invoke.DirectMethodHandle$Holder.invokeSpecial(java.lang.Object, java.lang.Object, java.lang.Object, java.lang.Object)'> (0x00000000d55a88c0) 
thrown [s\src\hotspot\share\interpreter\linkResolver.cpp, line 773]
Event: 5.717 Thread 0x000001d063db75f0 Exception <a 'java/lang/NoSuchMethodError'{0x00000000d564aa70}: 'java.lang.Object java.lang.invoke.DirectMethodHandle$Holder.invokeStatic(java.lang.Object, int, java.lang.Object, java.lang.Object)'> (0x00000000d564aa70) 
thrown [s\src\hotspot\share\interpreter\linkResolver.cpp, line 773]
Event: 5.718 Thread 0x000001d063db75f0 Exception <a 'java/lang/NoSuchMethodError'{0x00000000d56710c0}: 'java.lang.Object java.lang.invoke.DelegatingMethodHandle$Holder.delegate(java.lang.Object, int, java.lang.Object, java.lang.Object)'> (0x00000000d56710c0) 
thrown [s\src\hotspot\share\interpreter\linkResolver.cpp, line 773]
Event: 5.719 Thread 0x000001d063db75f0 Implicit null exception at 0x000001d04f8c1176 to 0x000001d04f8c1498
Event: 5.721 Thread 0x000001d063db75f0 Exception <a 'java/lang/NoSuchMethodError'{0x00000000d56f8820}: 'int java.lang.invoke.Invokers$Holder.linkToTargetMethod(java.lang.Object, java.lang.Object, java.lang.Object)'> (0x00000000d56f8820) 
thrown [s\src\hotspot\share\interpreter\linkResolver.cpp, line 773]
Event: 5.993 Thread 0x000001d0449db9c0 Exception <a 'java/lang/NoSuchMethodError'{0x00000000d606aa90}: 'void java.lang.invoke.DirectMethodHandle$Holder.invokeSpecial(java.lang.Object, java.lang.Object, java.lang.Object, java.lang.Object, java.lang.Object, java.lang.Object)'> (0x00000000d606aa90) 
thrown [s\src\hotspot\share\interpreter\linkResolver.cpp, line 773]
Event: 5.995 Thread 0x000001d0449db9c0 Exception <a 'java/lang/IncompatibleClassChangeError'{0x00000000d60895c8}: Found class java.lang.Object, but interface was expected> (0x00000000d60895c8) 
thrown [s\src\hotspot\share\interpreter\linkResolver.cpp, line 840]
Event: 5.995 Thread 0x000001d0449db9c0 Exception <a 'java/lang/IncompatibleClassChangeError'{0x00000000d608b310}: Found class java.lang.Object, but interface was expected> (0x00000000d608b310) 
thrown [s\src\hotspot\share\interpreter\linkResolver.cpp, line 840]

ZGC Phase Switch (0 events):
No events

VM Operations (20 events):
Event: 5.497 Executing safepoint VM operation: ParallelGCFailedAllocation (Allocation Failure)
Event: 5.499 Executing safepoint VM operation: ParallelGCFailedAllocation (Allocation Failure) done
Event: 5.504 Executing non-safepoint VM operation: HandshakeAllThreads (Deoptimize)
Event: 5.504 Executing non-safepoint VM operation: HandshakeAllThreads (Deoptimize) done
Event: 5.584 Executing non-safepoint VM operation: HandshakeAllThreads (Deoptimize)
Event: 5.600 Executing non-safepoint VM operation: HandshakeAllThreads (Deoptimize) done
Event: 5.624 Executing non-safepoint VM operation: HandshakeAllThreads (Deoptimize)
Event: 5.625 Executing non-safepoint VM operation: HandshakeAllThreads (Deoptimize) done
Event: 5.708 Executing safepoint VM operation: ParallelGCFailedAllocation (Allocation Failure)
Event: 5.714 Executing safepoint VM operation: ParallelGCFailedAllocation (Allocation Failure) done
Event: 5.852 Executing safepoint VM operation: CollectForMetadataAllocation (Metadata GC Threshold)
Event: 5.874 Executing safepoint VM operation: CollectForMetadataAllocation (Metadata GC Threshold) done
Event: 5.875 Executing safepoint VM operation: CollectForMetadataAllocation (Metadata GC Threshold)
Event: 5.875 Executing safepoint VM operation: CollectForMetadataAllocation (Metadata GC Threshold) done
Event: 5.877 Executing non-safepoint VM operation: HandshakeAllThreads (Deoptimize)
Event: 5.877 Executing non-safepoint VM operation: HandshakeAllThreads (Deoptimize) done
Event: 6.877 Executing safepoint VM operation: Cleanup
Event: 7.091 Executing safepoint VM operation: Cleanup done
Event: 8.099 Executing safepoint VM operation: Cleanup
Event: 8.100 Executing safepoint VM operation: Cleanup done

Memory protections (0 events):
No events

Nmethod flushes (20 events):
Event: 5.865 Thread 0x000001d044a9ebf0 flushing  nmethod 0x000001d0481f2610
Event: 5.865 Thread 0x000001d044a9ebf0 flushing  nmethod 0x000001d0481f3b90
Event: 5.865 Thread 0x000001d044a9ebf0 flushing  nmethod 0x000001d0481f4090
Event: 5.865 Thread 0x000001d044a9ebf0 flushing  nmethod 0x000001d0481f4590
Event: 5.865 Thread 0x000001d044a9ebf0 flushing  nmethod 0x000001d0481f6f10
Event: 5.865 Thread 0x000001d044a9ebf0 flushing  nmethod 0x000001d0481f7b90
Event: 5.865 Thread 0x000001d044a9ebf0 flushing  nmethod 0x000001d0481f8090
Event: 5.865 Thread 0x000001d044a9ebf0 flushing  nmethod 0x000001d0481f9590
Event: 5.865 Thread 0x000001d044a9ebf0 flushing  nmethod 0x000001d0481f9890
Event: 5.865 Thread 0x000001d044a9ebf0 flushing  nmethod 0x000001d048203390
Event: 5.865 Thread 0x000001d044a9ebf0 flushing  nmethod 0x000001d048215290
Event: 5.865 Thread 0x000001d044a9ebf0 flushing  nmethod 0x000001d04821e890
Event: 5.865 Thread 0x000001d044a9ebf0 flushing  nmethod 0x000001d048232b10
Event: 5.865 Thread 0x000001d044a9ebf0 flushing  nmethod 0x000001d048233590
Event: 5.865 Thread 0x000001d044a9ebf0 flushing  nmethod 0x000001d048292110
Event: 5.865 Thread 0x000001d044a9ebf0 flushing  nmethod 0x000001d048292a90
Event: 5.865 Thread 0x000001d044a9ebf0 flushing  nmethod 0x000001d0482e6790
Event: 5.865 Thread 0x000001d044a9ebf0 flushing  nmethod 0x000001d0482e7490
Event: 5.865 Thread 0x000001d044a9ebf0 flushing  nmethod 0x000001d0482e7890
Event: 5.865 Thread 0x000001d044a9ebf0 flushing  nmethod 0x000001d0482f5b90

Events (20 events):
Event: 5.483 Thread 0x000001d06243aee0 Thread added: 0x000001d063db75f0
Event: 5.512 Thread 0x000001d063db75f0 Thread added: 0x000001d063dbb100
Event: 5.542 Thread 0x000001d0449db9c0 Thread added: 0x000001d063db9030
Event: 5.542 Thread 0x000001d0449db9c0 Thread added: 0x000001d063db96c0
Event: 5.542 Thread 0x000001d0449db9c0 Thread added: 0x000001d063db8310
Event: 5.543 Thread 0x000001d0449db9c0 Thread added: 0x000001d063dbaa70
Event: 5.543 Thread 0x000001d0449db9c0 Thread added: 0x000001d063db7c80
Event: 5.543 Thread 0x000001d0449db9c0 Thread added: 0x000001d063db9d50
Event: 5.543 Thread 0x000001d0449db9c0 Thread added: 0x000001d063dba3e0
Event: 5.543 Thread 0x000001d0449db9c0 Thread added: 0x000001d063dbb790
Event: 5.544 Thread 0x000001d0449db9c0 Thread added: 0x000001d063dbbe20
Event: 5.544 Thread 0x000001d0449db9c0 Thread added: 0x000001d063db89a0
Event: 5.544 Thread 0x000001d0449db9c0 Thread added: 0x000001d063dbd860
Event: 5.544 Thread 0x000001d0449db9c0 Thread added: 0x000001d063dbc4b0
Event: 5.544 Thread 0x000001d0449db9c0 Thread added: 0x000001d063dbcb40
Event: 5.582 Thread 0x000001d0449db9c0 Thread added: 0x000001d063dbd1d0
Event: 5.714 Thread 0x000001d063db75f0 Thread added: 0x000001d063dbdef0
Event: 5.875 Thread 0x000001d063dbdef0 Thread added: 0x000001d063dbe580
Event: 6.035 Thread 0x000001d0449db9c0 Thread added: 0x000001d063dbec10
Event: 6.035 Thread 0x000001d0449db9c0 Thread added: 0x000001d064ba0050


Dynamic libraries:
0x00007ff782190000 - 0x00007ff78219e000 	c:\Users\manas\.antigravity-ide\extensions\redhat.java-1.54.0-win32-x64\jre\21.0.10-win32-x86_64\bin\java.exe
0x00007ffd6ea80000 - 0x00007ffd6ece6000 	C:\WINDOWS\SYSTEM32\ntdll.dll
0x00007ffd6d450000 - 0x00007ffd6d519000 	C:\WINDOWS\System32\KERNEL32.DLL
0x00007ffd6bea0000 - 0x00007ffd6c29a000 	C:\WINDOWS\System32\KERNELBASE.dll
0x00007ffd6c3f0000 - 0x00007ffd6c53c000 	C:\WINDOWS\System32\ucrtbase.dll
0x00007ffd55b10000 - 0x00007ffd55b28000 	c:\Users\manas\.antigravity-ide\extensions\redhat.java-1.54.0-win32-x64\jre\21.0.10-win32-x86_64\bin\jli.dll
0x00007ffd6e570000 - 0x00007ffd6e737000 	C:\WINDOWS\System32\USER32.dll
0x00007ffd4e1e0000 - 0x00007ffd4e1fe000 	c:\Users\manas\.antigravity-ide\extensions\redhat.java-1.54.0-win32-x64\jre\21.0.10-win32-x86_64\bin\VCRUNTIME140.dll
0x00007ffd6bdc0000 - 0x00007ffd6bde7000 	C:\WINDOWS\System32\win32u.dll
0x00007ffd6c940000 - 0x00007ffd6c96b000 	C:\WINDOWS\System32\GDI32.dll
0x00007ffd6c540000 - 0x00007ffd6c66b000 	C:\WINDOWS\System32\gdi32full.dll
0x00007ffd52470000 - 0x00007ffd52702000 	C:\WINDOWS\WinSxS\amd64_microsoft.windows.common-controls_6595b64144ccf1df_6.0.26100.8521_none_3e08b75ce33403b3\COMCTL32.dll
0x00007ffd6bd10000 - 0x00007ffd6bdb3000 	C:\WINDOWS\System32\msvcp_win.dll
0x00007ffd6ceb0000 - 0x00007ffd6cf59000 	C:\WINDOWS\System32\msvcrt.dll
0x00007ffd6d010000 - 0x00007ffd6d042000 	C:\WINDOWS\System32\IMM32.DLL
0x00007ffd66dc0000 - 0x00007ffd66dcc000 	c:\Users\manas\.antigravity-ide\extensions\redhat.java-1.54.0-win32-x64\jre\21.0.10-win32-x86_64\bin\vcruntime140_1.dll
0x00007ffd2d370000 - 0x00007ffd2d3fd000 	c:\Users\manas\.antigravity-ide\extensions\redhat.java-1.54.0-win32-x64\jre\21.0.10-win32-x86_64\bin\msvcp140.dll
0x00007ffcc95d0000 - 0x00007ffcca371000 	c:\Users\manas\.antigravity-ide\extensions\redhat.java-1.54.0-win32-x64\jre\21.0.10-win32-x86_64\bin\server\jvm.dll
0x00007ffd6dd20000 - 0x00007ffd6ddd6000 	C:\WINDOWS\System32\ADVAPI32.dll
0x00007ffd6c7f0000 - 0x00007ffd6c89a000 	C:\WINDOWS\System32\sechost.dll
0x00007ffd6d5c0000 - 0x00007ffd6d6d8000 	C:\WINDOWS\System32\RPCRT4.dll
0x00007ffd6e740000 - 0x00007ffd6e7c0000 	C:\WINDOWS\System32\WS2_32.dll
0x00007ffd6bb90000 - 0x00007ffd6bbee000 	C:\WINDOWS\SYSTEM32\POWRPROF.dll
0x00007ffd63170000 - 0x00007ffd631a6000 	C:\WINDOWS\SYSTEM32\WINMM.dll
0x00007ffd63880000 - 0x00007ffd6388b000 	C:\WINDOWS\SYSTEM32\VERSION.dll
0x00007ffd6bb70000 - 0x00007ffd6bb84000 	C:\WINDOWS\SYSTEM32\UMPDC.dll
0x00007ffd6aa70000 - 0x00007ffd6aa8b000 	C:\WINDOWS\SYSTEM32\kernel.appcore.dll
0x00007ffd65830000 - 0x00007ffd6583a000 	c:\Users\manas\.antigravity-ide\extensions\redhat.java-1.54.0-win32-x64\jre\21.0.10-win32-x86_64\bin\jimage.dll
0x00007ffd61e10000 - 0x00007ffd62052000 	C:\WINDOWS\SYSTEM32\DBGHELP.DLL
0x00007ffd6c970000 - 0x00007ffd6ccf3000 	C:\WINDOWS\System32\combase.dll
0x00007ffd6d0d0000 - 0x00007ffd6d1a9000 	C:\WINDOWS\System32\OLEAUT32.dll
0x00007ffd4e220000 - 0x00007ffd4e25b000 	C:\WINDOWS\SYSTEM32\dbgcore.DLL
0x00007ffd6bdf0000 - 0x00007ffd6be98000 	C:\WINDOWS\System32\bcryptPrimitives.dll
0x00007ffd64810000 - 0x00007ffd6481f000 	c:\Users\manas\.antigravity-ide\extensions\redhat.java-1.54.0-win32-x64\jre\21.0.10-win32-x86_64\bin\instrument.dll
0x00007ffd42f90000 - 0x00007ffd42fb0000 	c:\Users\manas\.antigravity-ide\extensions\redhat.java-1.54.0-win32-x64\jre\21.0.10-win32-x86_64\bin\java.dll
0x00007ffd6dde0000 - 0x00007ffd6e564000 	C:\WINDOWS\System32\SHELL32.dll
0x00007ffd698b0000 - 0x00007ffd6a130000 	C:\WINDOWS\SYSTEM32\windows.storage.dll
0x00007ffd6e940000 - 0x00007ffd6ea36000 	C:\WINDOWS\System32\SHCORE.dll
0x00007ffd6d060000 - 0x00007ffd6d0c7000 	C:\WINDOWS\System32\shlwapi.dll
0x00007ffd6bc30000 - 0x00007ffd6bc59000 	C:\WINDOWS\SYSTEM32\profapi.dll
0x00007ffd42c10000 - 0x00007ffd42c28000 	c:\Users\manas\.antigravity-ide\extensions\redhat.java-1.54.0-win32-x64\jre\21.0.10-win32-x86_64\bin\zip.dll
0x00007ffd647a0000 - 0x00007ffd647b0000 	C:\Users\manas\.antigravity-ide\extensions\redhat.java-1.54.0-win32-x64\jre\21.0.10-win32-x86_64\bin\net.dll
0x00007ffd64b60000 - 0x00007ffd64c89000 	C:\WINDOWS\SYSTEM32\WINHTTP.dll
0x00007ffd6afd0000 - 0x00007ffd6b03c000 	C:\WINDOWS\system32\mswsock.dll
0x00007ffd40a50000 - 0x00007ffd40a66000 	C:\Users\manas\.antigravity-ide\extensions\redhat.java-1.54.0-win32-x64\jre\21.0.10-win32-x86_64\bin\nio.dll
0x00007ffd642f0000 - 0x00007ffd64300000 	c:\Users\manas\.antigravity-ide\extensions\redhat.java-1.54.0-win32-x64\jre\21.0.10-win32-x86_64\bin\verify.dll
0x00007ffd3d8d0000 - 0x00007ffd3d915000 	C:\Users\manas\AppData\Roaming\Antigravity IDE\User\globalStorage\redhat.java\1.54.0\config_win\org.eclipse.equinox.launcher\org.eclipse.equinox.launcher.win32.win32.x86_64_1.3.0.v20260203-2149\eclipse_11919.dll
0x00007ffd6cd10000 - 0x00007ffd6cea8000 	C:\WINDOWS\System32\ole32.dll
0x00007ffd65850000 - 0x00007ffd6585a000 	C:\Users\manas\.antigravity-ide\extensions\redhat.java-1.54.0-win32-x64\jre\21.0.10-win32-x86_64\bin\management.dll
0x00007ffd5f220000 - 0x00007ffd5f22c000 	C:\Users\manas\.antigravity-ide\extensions\redhat.java-1.54.0-win32-x64\jre\21.0.10-win32-x86_64\bin\management_ext.dll
0x00007ffd6cd00000 - 0x00007ffd6cd08000 	C:\WINDOWS\System32\PSAPI.DLL
0x00007ffd6b2f0000 - 0x00007ffd6b30b000 	C:\WINDOWS\SYSTEM32\CRYPTSP.dll
0x00007ffd6a9c0000 - 0x00007ffd6a9f9000 	C:\WINDOWS\system32\rsaenh.dll
0x00007ffd6b0a0000 - 0x00007ffd6b0d3000 	C:\WINDOWS\SYSTEM32\USERENV.dll
0x00007ffd6bc00000 - 0x00007ffd6bc2a000 	C:\WINDOWS\SYSTEM32\bcrypt.dll
0x00007ffd6b310000 - 0x00007ffd6b31c000 	C:\WINDOWS\SYSTEM32\CRYPTBASE.dll
0x00007ffd6a440000 - 0x00007ffd6a473000 	C:\WINDOWS\SYSTEM32\IPHLPAPI.DLL
0x00007ffd6c8a0000 - 0x00007ffd6c8aa000 	C:\WINDOWS\System32\NSI.dll
0x00007ffcf2320000 - 0x00007ffcf2369000 	C:\Users\manas\AppData\Local\Temp\jna-103662348\jna5042529156915076001.dll
0x00007ffd648c0000 - 0x00007ffd648dd000 	C:\WINDOWS\SYSTEM32\dhcpcsvc6.DLL
0x00007ffd64760000 - 0x00007ffd64785000 	C:\WINDOWS\SYSTEM32\dhcpcsvc.DLL
0x00007ffd3fe70000 - 0x00007ffd3fe7e000 	C:\Users\manas\.antigravity-ide\extensions\redhat.java-1.54.0-win32-x64\jre\21.0.10-win32-x86_64\bin\sunmscapi.dll
0x00007ffd6c670000 - 0x00007ffd6c7e8000 	C:\WINDOWS\System32\CRYPT32.dll
0x00007ffd6b510000 - 0x00007ffd6b540000 	C:\WINDOWS\SYSTEM32\ncrypt.dll
0x00007ffd6b4c0000 - 0x00007ffd6b4ff000 	C:\WINDOWS\SYSTEM32\NTASN1.dll
0x00007ffd6a480000 - 0x00007ffd6a5ca000 	C:\WINDOWS\SYSTEM32\DNSAPI.dll
0x00007ffd6ae00000 - 0x00007ffd6ae0d000 	C:\WINDOWS\SYSTEM32\DSPARSE.dll
0x00007ffd503d0000 - 0x00007ffd503db000 	C:\Windows\System32\rasadhlp.dll
0x00007ffd637f0000 - 0x00007ffd63876000 	C:\WINDOWS\System32\fwpuclnt.dll
0x00007ffd3fcd0000 - 0x00007ffd3fcd9000 	C:\Users\manas\.antigravity-ide\extensions\redhat.java-1.54.0-win32-x64\jre\21.0.10-win32-x86_64\bin\extnet.dll

JVMTI agents:
c:\Users\manas\.antigravity-ide\extensions\redhat.java-1.54.0-win32-x64\lombok\lombok-1.18.39-4050.jar path:c:\Users\manas\.antigravity-ide\extensions\redhat.java-1.54.0-win32-x64\jre\21.0.10-win32-x86_64\bin\instrument.dll, loaded, initialized, instrumentlib options:none

dbghelp: loaded successfully - version: 4.0.5 - missing functions: none
symbol engine: initialized successfully - sym options: 0x614 - pdb path: .;c:\Users\manas\.antigravity-ide\extensions\redhat.java-1.54.0-win32-x64\jre\21.0.10-win32-x86_64\bin;C:\WINDOWS\SYSTEM32;C:\WINDOWS\WinSxS\amd64_microsoft.windows.common-controls_6595b64144ccf1df_6.0.26100.8521_none_3e08b75ce33403b3;c:\Users\manas\.antigravity-ide\extensions\redhat.java-1.54.0-win32-x64\jre\21.0.10-win32-x86_64\bin\server;C:\Users\manas\AppData\Roaming\Antigravity IDE\User\globalStorage\redhat.java\1.54.0\config_win\org.eclipse.equinox.launcher\org.eclipse.equinox.launcher.win32.win32.x86_64_1.3.0.v20260203-2149;C:\Users\manas\AppData\Local\Temp\jna-103662348

VM Arguments:
jvm_args: --add-modules=ALL-SYSTEM --add-opens=java.base/java.util=ALL-UNNAMED --add-opens=java.base/java.lang=ALL-UNNAMED --add-opens=java.base/sun.nio.fs=ALL-UNNAMED -Declipse.application=org.eclipse.jdt.ls.core.id1 -Dosgi.bundles.defaultStartLevel=4 -Declipse.product=org.eclipse.jdt.ls.core.product -Djava.import.generatesMetadataFilesAtProjectRoot=false -DDetectVMInstallationsJob.disabled=true -Dfile.encoding=utf8 -XX:+UseParallelGC -XX:GCTimeRatio=4 -XX:AdaptiveSizePolicyWeight=90 -Dsun.zip.disableMemoryMapping=true -Xmx2G -Xms100m -Xlog:disable -javaagent:c:\Users\manas\.antigravity-ide\extensions\redhat.java-1.54.0-win32-x64\lombok\lombok-1.18.39-4050.jar -XX:+HeapDumpOnOutOfMemoryError -XX:HeapDumpPath=c:\Users\manas\AppData\Roaming\Antigravity IDE\User\workspaceStorage\28a4d50da840864d7e190c19b7a414d2\redhat.java -Daether.dependencyCollector.impl=bf 
java_command: c:\Users\manas\.antigravity-ide\extensions\redhat.java-1.54.0-win32-x64\server\plugins\org.eclipse.equinox.launcher_1.7.100.v20251111-0406.jar -configuration c:\Users\manas\AppData\Roaming\Antigravity IDE\User\globalStorage\redhat.java\1.54.0\config_win -data c:\Users\manas\AppData\Roaming\Antigravity IDE\User\workspaceStorage\28a4d50da840864d7e190c19b7a414d2\redhat.java\jdt_ws --pipe=\\.\pipe\lsp-282e6def62ee991692f5986bd7ad69b2-sock
java_class_path (initial): c:\Users\manas\.antigravity-ide\extensions\redhat.java-1.54.0-win32-x64\server\plugins\org.eclipse.equinox.launcher_1.7.100.v20251111-0406.jar
Launcher Type: SUN_STANDARD

[Global flags]
    uintx AdaptiveSizePolicyWeight                 = 90                                        {product} {command line}
     intx CICompilerCount                          = 4                                         {product} {ergonomic}
    uintx GCTimeRatio                              = 4                                         {product} {command line}
     bool HeapDumpOnOutOfMemoryError               = true                                   {manageable} {command line}
    ccstr HeapDumpPath                             = c:\Users\manas\AppData\Roaming\Antigravity IDE\User\workspaceStorage\28a4d50da840864d7e190c19b7a414d2\redhat.java         {manageable} {command line}
   size_t InitialHeapSize                          = 104857600                                 {product} {command line}
   size_t MaxHeapSize                              = 2147483648                                {product} {command line}
   size_t MaxNewSize                               = 715653120                                 {product} {ergonomic}
   size_t MinHeapDeltaBytes                        = 524288                                    {product} {ergonomic}
   size_t MinHeapSize                              = 104857600                                 {product} {command line}
   size_t NewSize                                  = 34603008                                  {product} {ergonomic}
    uintx NonNMethodCodeHeapSize                   = 5839372                                {pd product} {ergonomic}
    uintx NonProfiledCodeHeapSize                  = 122909434                              {pd product} {ergonomic}
   size_t OldSize                                  = 70254592                                  {product} {ergonomic}
    uintx ProfiledCodeHeapSize                     = 122909434                              {pd product} {ergonomic}
    uintx ReservedCodeCacheSize                    = 251658240                              {pd product} {ergonomic}
     bool SegmentedCodeCache                       = true                                      {product} {ergonomic}
   size_t SoftMaxHeapSize                          = 2147483648                             {manageable} {ergonomic}
     bool UseCompressedOops                        = true                           {product lp64_product} {ergonomic}
     bool UseLargePagesIndividualAllocation        = false                                  {pd product} {ergonomic}
     bool UseParallelGC                            = true                                      {product} {command line}

Logging:
Log output configuration:
 #0: stdout all=off uptime,level,tags foldmultilines=false
 #1: stderr all=off uptime,level,tags foldmultilines=false

Release file:
JAVA_VERSION="21.0.10" 
MODULES="java.base java.compiler java.datatransfer java.xml java.prefs java.desktop java.instrument java.logging java.management java.security.sasl java.naming java.rmi java.management.rmi java.net.http java.scripting java.security.jgss java.transaction.xa java.sql java.sql.rowset java.xml.crypto java.se java.smartcardio jdk.accessibility jdk.internal.jvmstat jdk.attach jdk.charsets jdk.internal.opt jdk.zipfs jdk.compiler jdk.crypto.ec jdk.crypto.cryptoki jdk.crypto.mscapi jdk.dynalink jdk.internal.ed jdk.editpad jdk.hotspot.agent jdk.httpserver jdk.internal.le jdk.internal.vm.ci jdk.internal.vm.compiler jdk.internal.vm.compiler.management jdk.jartool jdk.javadoc jdk.jcmd jdk.management jdk.management.agent jdk.jconsole jdk.jdeps jdk.jdwp.agent jdk.jdi jdk.jfr jdk.jshell jdk.jsobject jdk.jstatd jdk.localedata jdk.management.jfr jdk.naming.dns jdk.naming.rmi jdk.net jdk.nio.mapmode jdk.random jdk.sctp jdk.security.auth jdk.security.jgss jdk.unsupported jdk.unsupported.desktop jdk.xml.dom" 

Environment Variables:
JAVA_HOME=C:\Program Files\Java\jdk-21
PATH=C:\Program Files\Python313\Scripts\;C:\Program Files\Python313\;C:\Program Files\Microsoft SDKs\Azure\CLI2\wbin;C:\Program Files\Java\jdk-21\bin;C:\WINDOWS\system32;C:\WINDOWS;C:\WINDOWS\System32\Wbem;C:\WINDOWS\System32\WindowsPowerShell\v1.0\;C:\Program Files\Common Files\Oracle\Java\javapath;C:\WINDOWS\System32\OpenSSH\;C:\Program Files\Git\cmd;C:\Program Files\MySQL\MySQL Server 8.0\bin;D:\Dev\Tools\apache-maven-3.9.12\bin;C:\Program Files\nodejs\;C:\Program Files\MySQL\MySQL Shell 8.0\bin\;C:\Users\manas\AppData\Local\Microsoft\WindowsApps;C:\Program Files\JetBrains\IntelliJ IDEA 2025.3.1\bin;C:\Users\manas\AppData\Roaming\npm;C:\Users\manas\AppData\Local\Programs\Microsoft VS Code\bin;C:\Users\manas\AppData\Local\Programs\Antigravity IDE\bin
USERNAME=manas
OS=Windows_NT
PROCESSOR_IDENTIFIER=AMD64 Family 25 Model 80 Stepping 0, AuthenticAMD
TMP=C:\Users\manas\AppData\Local\Temp
TEMP=C:\Users\manas\AppData\Local\Temp




Periodic native trim disabled

---------------  S Y S T E M  ---------------

OS:
 Windows 11 , 64 bit Build 26100 (10.0.26100.8521)
OS uptime: 6 days 17:30 hours
Hyper-V role detected

CPU: total 12 (initial active 12) (12 cores per cpu, 2 threads per core) family 25 model 80 stepping 0 microcode 0xa50000d, cx8, cmov, fxsr, ht, mmx, 3dnowpref, sse, sse2, sse3, ssse3, sse4a, sse4.1, sse4.2, popcnt, lzcnt, tsc, tscinvbit, avx, avx2, aes, erms, clmul, bmi1, bmi2, adx, sha, fma, vzeroupper, clflush, clflushopt, hv, rdtscp, rdpid, fsrm, f16c, cet_ss
Processor Information for the first 12 processors :
  Max Mhz: 3301, Current Mhz: 3301, Mhz Limit: 3301

Memory: 4k page, system-wide physical 15713M (1361M free)
TotalPageFile size 34818M (AvailPageFile size 75M)
current process WorkingSet (physical memory assigned to process): 212M, peak: 212M
current process commit charge ("private bytes"): 333M, peak: 334M

vm_info: OpenJDK 64-Bit Server VM (21.0.10+7-LTS) for windows-amd64 JRE (21.0.10+7-LTS), built on 2026-01-20T00:00:00Z by "admin" with MS VC++ 17.12 (VS2022)

END.
